// Jest Snapshot v1, https://goo.gl/fbAQLP

exports[`<Footer /> should render and match the snapshot 1`] = `
<footer class="Wrapper-wcfdfo-0 dPvBog">
   <section><span>Thank you for this challenge! &lt;3</span></section>
   <section><span>Made with love by <a href="http://amirfarzannajipour.com" class="A-br8h0y-0 dwVNvo">Farzan Najipour</a>.</span></section>
</footer>
`;
